// Jest Snapshot v1, https://goo.gl/fbAQLP

exports[`<ArticleList /> renders correctly 1`] = `
<RCTScrollView
  data={
    Array [
      Object {
        "acf": Object {
          "featured_slider": false,
          "news_slider": true,
          "pinned": false,
          "should_push": false,
          "sponsored_by": "XYZ",
        },
        "categories": Array [
          6,
          1,
        ],
        "categories_names": Array [
          "Hotels",
          "News",
        ],
        "content": Object {
          "protected": false,
          "rendered": "<p>Durch smarte Raumanpassungen, große Flexibilität bei Buchungen und Stornierungen sowie die Etablierung eines extern zertifizierten und weit über den Standard hinaus gehenden Sicherheits- und Hygienekonzeptes hat sich Leonardo Hotels umfassend auf das „New Normal“ und die geänderten Anforderungen ihrer MICE-Kunden an zukunftsfähigen Veranstaltungsformaten eingestellt. Neue Pausenkonzepte, digitalen Helfer, verlässliche Partner sowie virtuelle und hybride Veranstaltungsformate umfassen die Angebotsvielfalt der Leonardo Hotels.  Diese sind überzeugt, dass persönliche Meetings mit Sicherheit wieder Zukunft haben.</p>
",
        },
        "date_gmt": "2020-11-11T08:25:41",
        "excerpt": Object {
          "protected": false,
          "rendered": "<p>Durch neue Sicherheits- und Hygienekonzeptes hat sich Leonardo Hotels umfassend auf das „New Normal“ und die geänderten Anforderungen an zukunftsfähigen Veranstaltungsformaten eingestellt.</p>
",
        },
        "featured_image_medium": "https://www.convention-net.de/wp-content/uploads/2020/11/iStock-1250329916-Personen_mit_Masken-w1500-h1300-600x400.jpg",
        "featured_image_thumb": "https://www.convention-net.de/wp-content/uploads/2020/11/iStock-1250329916-Personen_mit_Masken-w1500-h1300-300x300.jpg",
        "featured_media": 18571,
        "id": 18569,
        "title": Object {
          "rendered": "„New Normal“ bei Leonardo Hotels &#8211; mit neuen MICE-Formaten und Konzepten",
        },
      },
    ]
  }
  disableVirtualization={false}
  getItem={[Function]}
  getItemCount={[Function]}
  horizontal={false}
  initialNumToRender={10}
  keyExtractor={[Function]}
  maxToRenderPerBatch={10}
  onContentSizeChange={[Function]}
  onEndReachedThreshold={2}
  onLayout={[Function]}
  onMomentumScrollEnd={[Function]}
  onScroll={[Function]}
  onScrollBeginDrag={[Function]}
  onScrollEndDrag={[Function]}
  removeClippedSubviews={false}
  renderItem={[Function]}
  scrollEventThrottle={50}
  stickyHeaderIndices={Array []}
  updateCellsBatchingPeriod={50}
  viewabilityConfigCallbackPairs={Array []}
  windowSize={21}
>
  <View>
    <View
      onLayout={[Function]}
      style={null}
    >
      <View
        accessible={true}
        focusable={true}
        onClick={[Function]}
        onResponderGrant={[Function]}
        onResponderMove={[Function]}
        onResponderRelease={[Function]}
        onResponderTerminate={[Function]}
        onResponderTerminationRequest={[Function]}
        onStartShouldSetResponder={[Function]}
        style={
          Object {
            "opacity": 1,
          }
        }
      >
        <View
          style={
            Object {
              "borderRadius": 10,
              "padding": 15,
            }
          }
          testID="sponsored-article"
        >
          <View
            accessibilityIgnoresInvertColors={true}
            style={
              Object {
                "flex": 1,
                "height": 650,
                "resizeMode": "cover",
              }
            }
          >
            <Image
              source={
                Object {
                  "uri": "https://www.convention-net.de/wp-content/uploads/2020/11/iStock-1250329916-Personen_mit_Masken-w1500-h1300-600x400.jpg",
                }
              }
              style={
                Array [
                  Object {
                    "bottom": 0,
                    "left": 0,
                    "position": "absolute",
                    "right": 0,
                    "top": 0,
                  },
                  Object {
                    "height": 650,
                    "width": undefined,
                  },
                  Object {
                    "borderRadius": 15,
                  },
                ]
              }
            />
            <View
              style={
                Object {
                  "backgroundColor": "#333333",
                  "marginLeft": -15,
                  "marginTop": 50,
                  "maxWidth": "70%",
                  "paddingHorizontal": 10,
                  "paddingVertical": 10,
                }
              }
              testID="sponsored-text-container"
            >
              <Text
                style={
                  Object {
                    "color": "#dfe3e8",
                    "fontFamily": "sans",
                    "fontSize": 14,
                    "lineHeight": 17.5,
                  }
                }
              >
                Sponsored by
                 
                <Text
                  style={
                    Object {
                      "color": "#dfe3e8",
                      "fontFamily": "sans-bold",
                      "fontSize": 15,
                      "lineHeight": 22.5,
                    }
                  }
                >
                  XYZ
                </Text>
              </Text>
            </View>
          </View>
          <View
            style={
              Object {
                "padding": 15,
              }
            }
          >
            <View
              style={Object {}}
            >
              <Text
                allowFontScaling={true}
                selectable={false}
                style={
                  Array [
                    Object {},
                    Object {},
                  ]
                }
              >
                <Text
                  allowFontScaling={true}
                  style={
                    Object {
                      "fontFamily": "serif-bold",
                      "fontSize": 20,
                      "lineHeight": 25,
                    }
                  }
                >
                  „New Normal“ bei Leonardo Hotels – mit neuen MICE-Formaten und Konzepten
                </Text>
              </Text>
            </View>
          </View>
        </View>
      </View>
    </View>
  </View>
</RCTScrollView>
`;
