// Jest Snapshot v1, https://goo.gl/fbAQLP

exports[`<ArticleList /> renders correctly 1`] = `
<View
  accessible={true}
  focusable={true}
  onClick={[Function]}
  onResponderGrant={[Function]}
  onResponderMove={[Function]}
  onResponderRelease={[Function]}
  onResponderTerminate={[Function]}
  onResponderTerminationRequest={[Function]}
  onStartShouldSetResponder={[Function]}
  style={
    Object {
      "opacity": 1,
    }
  }
>
  <View
    style={
      Object {
        "borderRadius": 10,
        "padding": 15,
      }
    }
    testID="sponsored-article"
  >
    <View
      accessibilityIgnoresInvertColors={true}
      style={
        Object {
          "flex": 1,
          "height": 650,
          "resizeMode": "cover",
        }
      }
    >
      <Image
        source={
          Object {
            "uri": "https://www.convention-net.de/wp-content/uploads/2020/11/iStock-1250329916-Personen_mit_Masken-w1500-h1300-600x400.jpg",
          }
        }
        style={
          Array [
            Object {
              "bottom": 0,
              "left": 0,
              "position": "absolute",
              "right": 0,
              "top": 0,
            },
            Object {
              "height": 650,
              "width": undefined,
            },
            Object {
              "borderRadius": 15,
            },
          ]
        }
      />
      <View
        style={
          Object {
            "backgroundColor": "#333333",
            "marginLeft": -15,
            "marginTop": 50,
            "maxWidth": "70%",
            "paddingHorizontal": 10,
            "paddingVertical": 10,
          }
        }
        testID="sponsored-text-container"
      >
        <Text
          style={
            Object {
              "color": "#dfe3e8",
              "fontFamily": "sans",
              "fontSize": 14,
              "lineHeight": 17.5,
            }
          }
        >
          Sponsored by
           
          <Text
            style={
              Object {
                "color": "#dfe3e8",
                "fontFamily": "sans-bold",
                "fontSize": 15,
                "lineHeight": 22.5,
              }
            }
          >
            XYZ
          </Text>
        </Text>
      </View>
    </View>
    <View
      style={
        Object {
          "padding": 15,
        }
      }
    >
      <View
        style={Object {}}
      >
        <Text
          allowFontScaling={true}
          selectable={false}
          style={
            Array [
              Object {},
              Object {},
            ]
          }
        >
          <Text
            allowFontScaling={true}
            style={
              Object {
                "fontFamily": "serif-bold",
                "fontSize": 20,
                "lineHeight": 25,
              }
            }
          >
            „New Normal“ bei Leonardo Hotels – mit neuen MICE-Formaten und Konzepten
          </Text>
        </Text>
      </View>
    </View>
  </View>
</View>
`;
