// Jest Snapshot v1, https://goo.gl/fbAQLP

exports[`<NewsCarousel /> renders correctly 1`] = `
<RCTScrollView
  activeAnimationOptions={null}
  activeAnimationType="timing"
  activeSlideAlignment="start"
  activeSlideOffset={20}
  apparitionDelay={0}
  automaticallyAdjustContentInsets={false}
  autoplay={false}
  autoplayDelay={1000}
  autoplayInterval={3000}
  callbackOffsetMargin={5}
  containerCustomStyle={
    Object {
      "marginLeft": -10,
    }
  }
  contentContainerCustomStyle={Object {}}
  contentContainerStyle={
    Array [
      Object {
        "paddingLeft": 0,
        "paddingRight": 308.8235294117647,
      },
      Object {},
    ]
  }
  data={
    Array [
      Object {
        "acf": Object {
          "featured_slider": false,
          "news_slider": true,
          "pinned": false,
          "should_push": false,
          "sponsored_by": "XYZ",
        },
        "categories": Array [
          6,
          1,
        ],
        "categories_names": Array [
          "Hotels",
          "News",
        ],
        "content": Object {
          "protected": false,
          "rendered": "<p>Durch smarte Raumanpassungen, große Flexibilität bei Buchungen und Stornierungen sowie die Etablierung eines extern zertifizierten und weit über den Standard hinaus gehenden Sicherheits- und Hygienekonzeptes hat sich Leonardo Hotels umfassend auf das „New Normal“ und die geänderten Anforderungen ihrer MICE-Kunden an zukunftsfähigen Veranstaltungsformaten eingestellt. Neue Pausenkonzepte, digitalen Helfer, verlässliche Partner sowie virtuelle und hybride Veranstaltungsformate umfassen die Angebotsvielfalt der Leonardo Hotels.  Diese sind überzeugt, dass persönliche Meetings mit Sicherheit wieder Zukunft haben.</p>
",
        },
        "date_gmt": "2020-11-11T08:25:41",
        "excerpt": Object {
          "protected": false,
          "rendered": "<p>Durch neue Sicherheits- und Hygienekonzeptes hat sich Leonardo Hotels umfassend auf das „New Normal“ und die geänderten Anforderungen an zukunftsfähigen Veranstaltungsformaten eingestellt.</p>
",
        },
        "featured_image_medium": "https://www.convention-net.de/wp-content/uploads/2020/11/iStock-1250329916-Personen_mit_Masken-w1500-h1300-600x400.jpg",
        "featured_image_thumb": "https://www.convention-net.de/wp-content/uploads/2020/11/iStock-1250329916-Personen_mit_Masken-w1500-h1300-300x300.jpg",
        "featured_media": 18571,
        "id": 18569,
        "title": Object {
          "rendered": "„New Normal“ bei Leonardo Hotels &#8211; mit neuen MICE-Formaten und Konzepten",
        },
      },
      Object {
        "acf": Object {
          "featured_slider": false,
          "news_slider": true,
          "pinned": false,
          "should_push": false,
          "sponsored_by": "",
        },
        "categories": Array [
          358,
          217,
          1,
        ],
        "categories_names": Array [
          "Branche",
          "Events",
          "News",
        ],
        "content": Object {
          "protected": false,
          "rendered": "<p><a href=\\"https://bit.ly/3iPkUhB\\">Cvent</a> CEO and Founder, Reggie Aggarwal, delivered an inspiring keynote to more than 7,000 event, marketing, and hospitality professionals at <a href=\\"https://bit.ly/30Unj4A\\">Cvent CONNECT Europe</a> today. In his opening presentation, Aggarwal urged attendees of the virtual event to seize the digital transformation opportunity in front of them to drive the industry’s recovery in 2021 and beyond.</p>
",
        },
        "date_gmt": "2020-11-10T11:00:19",
        "excerpt": Object {
          "protected": false,
          "rendered": "<p>Cvent CEO Reggie Aggarwal predicts “Golden Age of Events” during his keynote to more than 7,000 virtual attendees at Cvent CONNECT Europe </p>
",
        },
        "featured_image_medium": "",
        "featured_image_thumb": "",
        "featured_media": null,
        "id": 18592,
        "title": Object {
          "rendered": "Events and Hospitality Industries Urged to Harness the Power of Digital Transformation to Thrive in 2021 and Beyond",
        },
      },
    ]
  }
  decelerationRate="fast"
  directionalLockEnabled={true}
  disableVirtualization={false}
  enableMomentum={false}
  enableSnap={false}
  firstItem={0}
  forwardedRef={[Function]}
  getItem={[Function]}
  getItemCount={[Function]}
  hasParallaxImages={false}
  horizontal={true}
  inactiveSlideOpacity={1}
  inactiveSlideScale={1}
  inactiveSlideShift={0}
  initialNumToRender={7}
  invertStickyHeaders={false}
  inverted={false}
  itemWidth={441.1764705882353}
  keyExtractor={[Function]}
  layout="default"
  lockScrollTimeoutDuration={1000}
  lockScrollWhileSnapping={false}
  loop={false}
  loopClonesPerSide={3}
  maxToRenderPerBatch={15}
  onContentSizeChange={[Function]}
  onEndReachedThreshold={2}
  onLayout={[Function]}
  onMomentumScrollEnd={[Function]}
  onResponderRelease={[Function]}
  onScroll={[Function]}
  onScrollBeginDrag={[Function]}
  onScrollEndDrag={[Function]}
  onStartShouldSetResponderCapture={[Function]}
  onTouchStart={[Function]}
  overScrollMode="never"
  pinchGestureEnabled={false}
  removeClippedSubviews={true}
  renderItem={[Function]}
  scrollEnabled={true}
  scrollEventThrottle={1}
  scrollsToTop={false}
  shouldOptimizeUpdates={true}
  showsHorizontalScrollIndicator={false}
  showsVerticalScrollIndicator={false}
  slideStyle={
    Object {
      "flex": 1,
      "marginHorizontal": 10,
    }
  }
  sliderWidth={750}
  stickyHeaderIndices={Array []}
  style={
    Object {
      "flexDirection": "row",
      "marginLeft": -10,
      "opacity": 0,
      "width": 750,
    }
  }
  swipeThreshold={20}
  updateCellsBatchingPeriod={50}
  useScrollView={false}
  vertical={false}
  viewabilityConfigCallbackPairs={Array []}
  windowSize={15}
>
  <View>
    <View
      onLayout={[Function]}
      style={
        Array [
          Object {
            "flexDirection": "row",
          },
          null,
        ]
      }
    >
      <View
        pointerEvents="box-none"
        style={
          Array [
            Object {
              "width": 441.1764705882353,
            },
            Object {
              "flex": 1,
              "marginHorizontal": 10,
            },
            Object {},
          ]
        }
      >
        <View
          style={
            Object {
              "alignItems": "center",
              "flexDirection": "row",
              "padding": 15,
            }
          }
        >
          <View
            style={
              Object {
                "alignItems": "flex-start",
                "paddingHorizontal": 15,
                "width": 620,
              }
            }
          >
            <View
              style={Object {}}
            >
              <Text
                allowFontScaling={true}
                selectable={false}
                style={
                  Array [
                    Object {},
                    Object {},
                  ]
                }
              >
                <Text
                  allowFontScaling={true}
                  style={
                    Object {
                      "color": "#333333",
                      "fontFamily": "sans",
                      "fontSize": 13,
                    }
                  }
                >
                  „New Normal“ bei Leonardo Hotels – mit neuen MICE-Formaten und Konzepten
                </Text>
              </Text>
            </View>
            <View
              style={
                Object {
                  "alignItems": "center",
                  "flexDirection": "row",
                  "paddingBottom": 10,
                  "paddingTop": 5,
                }
              }
            >
              <Text />
              <Text
                style={
                  Object {
                    "color": "#872232",
                    "fontFamily": "sans",
                    "fontSize": 10,
                    "marginLeft": 5,
                  }
                }
              >
                11. November 2020
              </Text>
            </View>
            <View
              accessible={true}
              focusable={true}
              onClick={[Function]}
              onResponderGrant={[Function]}
              onResponderMove={[Function]}
              onResponderRelease={[Function]}
              onResponderTerminate={[Function]}
              onResponderTerminationRequest={[Function]}
              onStartShouldSetResponder={[Function]}
              style={
                Object {
                  "opacity": 1,
                }
              }
              testID="button"
            >
              <View
                style={
                  Object {
                    "backgroundColor": "#872232",
                    "borderRadius": 4,
                    "paddingHorizontal": 15,
                    "paddingVertical": 2,
                  }
                }
              >
                <Text
                  style={
                    Object {
                      "color": "white",
                      "fontFamily": "sans-bold",
                      "fontSize": 12,
                      "textTransform": "uppercase",
                    }
                  }
                  testID="text-output"
                >
                  Details
                </Text>
              </View>
            </View>
          </View>
        </View>
      </View>
    </View>
    <View
      onLayout={[Function]}
      style={
        Array [
          Object {
            "flexDirection": "row",
          },
          null,
        ]
      }
    >
      <View
        pointerEvents="box-none"
        style={
          Array [
            Object {
              "width": 441.1764705882353,
            },
            Object {
              "flex": 1,
              "marginHorizontal": 10,
            },
            Object {},
          ]
        }
      >
        <View
          style={
            Object {
              "alignItems": "center",
              "flexDirection": "row",
              "padding": 15,
            }
          }
        >
          <View
            style={
              Object {
                "alignItems": "flex-start",
                "paddingHorizontal": 15,
                "width": 620,
              }
            }
          >
            <View
              style={Object {}}
            >
              <Text
                allowFontScaling={true}
                selectable={false}
                style={
                  Array [
                    Object {},
                    Object {},
                  ]
                }
              >
                <Text
                  allowFontScaling={true}
                  style={
                    Object {
                      "color": "#333333",
                      "fontFamily": "sans",
                      "fontSize": 13,
                    }
                  }
                >
                  Events and Hospitality Industries Urged to Harness the Power of Digital Transformation to Thrive in 2021 and Beyond
                </Text>
              </Text>
            </View>
            <View
              style={
                Object {
                  "alignItems": "center",
                  "flexDirection": "row",
                  "paddingBottom": 10,
                  "paddingTop": 5,
                }
              }
            >
              <Text />
              <Text
                style={
                  Object {
                    "color": "#872232",
                    "fontFamily": "sans",
                    "fontSize": 10,
                    "marginLeft": 5,
                  }
                }
              >
                10. November 2020
              </Text>
            </View>
            <View
              accessible={true}
              focusable={true}
              onClick={[Function]}
              onResponderGrant={[Function]}
              onResponderMove={[Function]}
              onResponderRelease={[Function]}
              onResponderTerminate={[Function]}
              onResponderTerminationRequest={[Function]}
              onStartShouldSetResponder={[Function]}
              style={
                Object {
                  "opacity": 1,
                }
              }
              testID="button"
            >
              <View
                style={
                  Object {
                    "backgroundColor": "#872232",
                    "borderRadius": 4,
                    "paddingHorizontal": 15,
                    "paddingVertical": 2,
                  }
                }
              >
                <Text
                  style={
                    Object {
                      "color": "white",
                      "fontFamily": "sans-bold",
                      "fontSize": 12,
                      "textTransform": "uppercase",
                    }
                  }
                  testID="text-output"
                >
                  Details
                </Text>
              </View>
            </View>
          </View>
        </View>
      </View>
    </View>
  </View>
</RCTScrollView>
`;
