// Jest Snapshot v1, https://goo.gl/fbAQLP

exports[`<Button /> renders correctly 1`] = `
<View
  accessible={true}
  focusable={true}
  onClick={[Function]}
  onResponderGrant={[Function]}
  onResponderMove={[Function]}
  onResponderRelease={[Function]}
  onResponderTerminate={[Function]}
  onResponderTerminationRequest={[Function]}
  onStartShouldSetResponder={[Function]}
  style={
    Object {
      "opacity": 1,
    }
  }
>
  <View
    style={
      Object {
        "backgroundColor": "#872232",
        "borderRadius": 4,
        "paddingHorizontal": 15,
        "paddingVertical": 2,
      }
    }
  >
    <Text
      style={
        Object {
          "color": "white",
          "fontFamily": "sans-bold",
          "fontSize": 15,
          "lineHeight": 22.5,
          "textTransform": "uppercase",
        }
      }
      testID="text-output"
    >
      Button title
    </Text>
  </View>
</View>
`;
