// Jest Snapshot v1, https://goo.gl/fbAQLP

exports[`<LegalList /> renders correctly 1`] = `
<View
  style={
    Object {
      "flex": 1,
      "marginVertical": 10,
      "paddingHorizontal": 25,
    }
  }
>
  <View
    accessible={true}
    focusable={true}
    onClick={[Function]}
    onResponderGrant={[Function]}
    onResponderMove={[Function]}
    onResponderRelease={[Function]}
    onResponderTerminate={[Function]}
    onResponderTerminationRequest={[Function]}
    onStartShouldSetResponder={[Function]}
    style={
      Object {
        "opacity": 1,
      }
    }
    testID="link-1"
  >
    <View
      style={
        Object {
          "borderBottomColor": "#dfe3e8",
          "borderBottomWidth": 1,
          "flexDirection": "row",
          "justifyContent": "space-between",
          "paddingHorizontal": 15,
          "paddingVertical": 10,
        }
      }
    >
      <Text
        style={
          Object {
            "color": "#333333",
            "fontFamily": "sans",
          }
        }
      >
        Impressum
      </Text>
      <Text />
    </View>
  </View>
  <View
    accessible={true}
    focusable={true}
    onClick={[Function]}
    onResponderGrant={[Function]}
    onResponderMove={[Function]}
    onResponderRelease={[Function]}
    onResponderTerminate={[Function]}
    onResponderTerminationRequest={[Function]}
    onStartShouldSetResponder={[Function]}
    style={
      Object {
        "opacity": 1,
      }
    }
    testID="link-2"
  >
    <View
      style={
        Object {
          "borderBottomColor": "#dfe3e8",
          "borderBottomWidth": 1,
          "flexDirection": "row",
          "justifyContent": "space-between",
          "paddingHorizontal": 15,
          "paddingVertical": 10,
        }
      }
    >
      <Text
        style={
          Object {
            "color": "#333333",
            "fontFamily": "sans",
          }
        }
      >
        Datenschutz
      </Text>
      <Text />
    </View>
  </View>
</View>
`;
